  Determining projects to restore...
  All projects are up-to-date for restore.
  DocumentProcessor.Core -> /Users/aes/Documents/DPS/dps/src/DocumentProcessor.Core/bin/Debug/net8.0/DocumentProcessor.Core.dll
  DocumentProcessor.Infrastructure -> /Users/aes/Documents/DPS/dps/src/DocumentProcessor.Infrastructure/bin/Debug/net8.0/DocumentProcessor.Infrastructure.dll
  DocumentProcessor.Application -> /Users/aes/Documents/DPS/dps/src/DocumentProcessor.Application/bin/Debug/net8.0/DocumentProcessor.Application.dll
  DocumentProcessor.Web -> /Users/aes/Documents/DPS/dps/src/DocumentProcessor.Web/bin/Debug/net8.0/DocumentProcessor.Web.dll

Build succeeded.
    0 Warning(s)
    0 Error(s)

Time Elapsed 00:00:05.83
